ok - watch-arm: with away mode off, the arm stops a leftover away daemon instead of attaching, and worker events reach the attended drain
ok - watch-arm: while away mode is on, the arm still attaches to the away daemon's watcher
ok - watch-arm: an attached arm reports the wake its cycle delivered instead of a false failure
ok - watch-arm: a delivered wake consumed by the handling turn still closes the attached arm cleanly
ok - watch-arm: an unusable launch confirm window refuses to arm by name
ok - watch-arm: a disposable validation checkout refuses to arm
ok - watch-arm: a watcher exits when its state directory is removed
ok - watch-arm: a watcher exits when its home is removed
ok - watch-arm: the test reaper stops a watcher armed for a tracked temporary home
ok - watch-arm: a cycle that delivered no wake of its own still fails loudly
ok - watch-arm: an attached arm keeps following a slow live holder and reports its wake
ok - watch-arm: an attached arm hands a holder stalled past the bound to its owner's replacement
/Users/scottgerlach/.no-mistakes/worktrees/bb13fd9166b2/01M3YMHK3PV6DSB4CKD711KMBH/bin/fm-watch-arm.sh: line 812: 50973 Killed: 9                  "$WATCH" > "$child_out"
WAKE_ACK_REQUIRED: after handling completes run bin/fm-wake-drain.sh --ack-through 2 --recovery-generation 51925.1790956041.tSw6T1
ok - watch-arm: re-arm surfaces every queued wake and an open remote decision after downtime
/Users/scottgerlach/.no-mistakes/worktrees/bb13fd9166b2/01M3YMHK3PV6DSB4CKD711KMBH/bin/fm-watch-arm.sh: line 812: 64823 Killed: 9                  "$WATCH" > "$child_out"
WAKE_ACK_REQUIRED: after handling completes run bin/fm-wake-drain.sh --ack-through 1 --recovery-generation 66250.1790956050.EkiG39
ok - watch-arm: a re-arm whose recovery cycle runs slowly still surfaces it
watcher: recovery state could not be persisted; retaining stale lock evidence
ok - watch-arm: marker publication failure retains stale-lock recovery evidence
WAKE_ACK_REQUIRED: after handling completes run bin/fm-wake-drain.sh --ack-through 2 --recovery-generation 80634.1790956070.L0mIzf
WAKE_ACK_REQUIRED: after handling completes run bin/fm-wake-drain.sh --ack-through 3 --recovery-generation 85018.1790956072.yoBU1V
ok - watch-arm: a wake queued after handling drain is recovered once at successor arm
ok - watch-arm: interrupted handling leaves its wake durable for successor re-drain
WAKE_ACK_REQUIRED: after handling completes run bin/fm-wake-drain.sh --ack-through 0 --recovery-generation 95389.1790956082.ZJeqJc
ok - watch-arm: malformed recovery state is quarantined without a successor loop
WAKE_ACK_REQUIRED: after handling completes run bin/fm-wake-drain.sh --ack-through 1 --recovery-generation 1548.1790956086.1Q4XZs
ok - watch-arm: publication after recovery handoff is surfaced
ok - watch-arm: restart publishes recovery before clearing a reused-pid watcher lock
WAKE_ACK_REQUIRED: after handling completes run bin/fm-wake-drain.sh --ack-through 7 --recovery-generation 8904.1790956090.GKkCDS
ok - watch-arm: markerless legacy queues are adopted and recovered
ok - watch-arm: an idle Lavish source stays quiet and its real result wakes promptly
ok - watch-arm: appending work reopens an announced empty recovery
ok - watch-arm: a watcher close during handling keeps the printed acknowledgement valid
ok - watch-arm: a moved recovery generation consumes handled rows and names its remedy
ok - watch-arm: downtime marker publication does not follow symlinks
ok - watch-arm: --stop ends only this home's watcher, publishes downtime, and reports when none runs
ok - watch-arm: --take-over attaches to a cycle the named arm does not own and leaves it running
ok - watch-arm: --take-over owns a fresh cycle without a recovery wake and still surfaces queued work
watcher: secondmate liveness check failed
ok - watch-arm: takeover preserves self-exit downtime and surfaces a recovery wake
