ok - disposable watcher refuses inherited state outside its marked lab
ok - wait deadline diagnoses and reaps a stopped test child without hanging
ok - simultaneous watcher starts leave exactly one live process
ok - fm_pid_identity real ps fallback is locale-invariant
ok - fm_pid_identity is locale-invariant across LC_ALL/LC_TIME
ok - fm_pid_identity ps fallback is terminal-width-invariant
ok - /proc process identity ignores simulated btime changes
ok - /proc process identity detects pid reuse
ok - MSYS /proc process identity regression skipped on non-Windows host
ok - fm_pid_identity real ps fallback is time-zone-invariant
ok - fm_pid_identity is time-zone-invariant
ok - the watcher lock keeps a live holder across a time-zone change
ok - a legacy local-time identity keeps its live owner across upgrade and zone change, and only it
ok - killed watcher stale lock is reclaimed
tests/fm-watcher-lock.test.sh: line 1624: 43579 Killed: 9                  FM_STATE_OVERRIDE="$state" bash -c '
    . "$1"
    fm_lock_remove_path() {
      if [ "$1" = "$STATE/.watch.lock" ]; then
        kill -KILL "${BASHPID:-$$}"
      fi
      return 1
    }
    fm_lock_try_acquire "$2"
  ' _ "$LIB" "$lockdir" > /dev/null 2>&1
ok - stale watcher reclaim publishes durable recovery evidence before clear
ok - live watcher lock with stale heartbeat is actionable
ok - live watcher lock with a beacon past the hard bound is replaced, under it is still refused
ok - guard banner leads when down with pending wakes (repair-after-drain) and stays silent when live and fresh
ok - concurrent fm_lock_try_acquire yields exactly one winner
ok - dead-pid stale lock is reclaimed by a single acquirer
ok - concurrent stale-lock steal yields exactly one winner
ok - dead steal owner is reclaimed once without a nested steal marker
ok - dead nested steal chain from an interrupted reclaim is recovered
ok - a competing reaper cannot remove the successor's steal mutex
ok - a steal mutex abandoned by this process does not block its own reclaim
ok - a steal reap interrupted in this process is resumed from its own tombstone
ok - live steal mutex is not reclaimed
ok - live-held lock is not stolen
ok - empty mid-acquire lock keeps a minimum grace
ok - late original claimant cannot claim a recreated lock
ok - paused mid-acquire claimant backs off to active stealer
ok - watch restart preserves recovery without signaling a reused pid
ok - watch restart attaches to a verified healthy peer and later surfaces a successor gap
ok - watcher self-evicts when the lock pid no longer names it
ok - arm turns clean self-eviction without a successor into a typed failure
ok - arm attaches to a live fresh watcher and fails loudly when that cycle has no successor
Terminated: 15             sleep 0.1
